Microchip MPLAB XC8 Compiler V2.36

Linker command line:

-W-3 --edf=C:\Program Files\Microchip\xc8\v2.36\pic\dat\en_msgs.txt -cn \
  -h+dist/default/production\LCD_Test.X.production.sym \
  --cmf=dist/default/production\LCD_Test.X.production.cmf -z -Q16F883 \
  -oC:\Users\Graham\AppData\Local\Temp\xcAsgi4.7 --defsym=__MPLAB_BUILD=1 \
  -Mdist/default/production/LCD_Test.X.production.map \
  --md=C:\Users\Graham\AppData\Local\Temp\xcCsgi4.dat -E1 -ver=XC8 Compiler \
  --acfsm=1493 -ACODE=00h-07FFhx2 -ASTRCODE=00h-0FFFh -ASTRING=00h-0FFhx16 \
  -ACONST=00h-0FFhx16 -AENTRY=00h-0FFhx16 -ACOMMON=070h-07Fh \
  -ABANK0=020h-06Fh -ABANK1=0A0h-0EFh -ABANK2=0120h-016Fh \
  -ARAM=020h-06Fh,0A0h-0EFh,0120h-016Fh \
  -AABS1=020h-07Fh,0A0h-0EFh,0120h-016Fh -ASFR0=00h-01Fh -ASFR1=080h-09Fh \
  -ASFR2=0100h-011Fh -ASFR3=0180h-01EFh -ACONFIG=02007h-02008h -DCONFIG=2 \
  -AIDLOC=02000h-02003h -DIDLOC=2 -AEEDATA=00h-0FFh/02100h \
  -peeprom_data=EEDATA -DEEDATA=2 -DCODE=2 -DSTRCODE=2 -DSTRING=2 -DCONST=2 \
  -DENTRY=2 -preset_vec=00h,intentry,init,end_init -ppowerup=CODE \
  -pcinit=CODE -pfunctab=ENTRY -k \
  C:\Users\Graham\AppData\Local\Temp\xcAsgi4.o \
  dist/default/production\LCD_Test.X.production.o 

Object code version is 3.11

Machine type is 16F883



                Name                               Link     Load   Length Selector   Space Scale
C:\Users\Graham\AppData\Local\Temp\xcAsgi4.o
                end_init                              0        0        2        0       0
                config                             2007     2007        2        0       4
                idloc                              2000     2000        4        0       5
dist/default/production\LCD_Test.X.production.o
                cinit                               7FD      7FD        3      FFA       0
                config                             2007     2007        2        0       4
                idloc                              2000     2000        4        0       5
                text14                              369      369        C      6D2       0
                text13                              412      412       2A      824       0
                text12                              396      396       13      72C       0
                text11                              4CD      4CD       42      99A       0
                text10                              375      375       10      6EA       0
                text9                               467      467       2C      8CE       0
                text8                               385      385       11      70A       0
                text7                               3ED      3ED       25      7DA       0
                text6                               43C      43C       2B      878       0
                text5                               50F      50F       44      A1E       0
                text4                               493      493       3A      926       0
                text3                               553      553       6C      AA6       0
                text2                               3C9      3C9       24      792       0
                text1                               3A9      3A9       20      752       0
                maintext                            5BF      5BF      23E      B7E       0
                cstackBANK0                          20       20       25       20       1
                cstackCOMMON                         70       70        E       70       1
                strings                               2        2       72        4       0

TOTAL           Name                               Link     Load   Length     Space
        CLASS   CODE           
                end_init                              0        0        2         0
                cinit                               7FD      7FD        3         0
                text14                              369      369        C         0
                text13                              412      412       2A         0
                text12                              396      396       13         0
                text11                              4CD      4CD       42         0
                text10                              375      375       10         0
                text9                               467      467       2C         0
                text8                               385      385       11         0
                text7                               3ED      3ED       25         0
                text6                               43C      43C       2B         0
                text5                               50F      50F       44         0
                text4                               493      493       3A         0
                text3                               553      553       6C         0
                text2                               3C9      3C9       24         0
                text1                               3A9      3A9       20         0
                maintext                            5BF      5BF      23E         0

        CLASS   STRCODE        

        CLASS   STRING         
                strings                               2        2       72         0

        CLASS   CONST          

        CLASS   ENTRY          

        CLASS   COMMON         
                cstackCOMMON                         70       70        E         1

        CLASS   BANK0          
                cstackBANK0                          20       20       25         1

        CLASS   BANK1          

        CLASS   BANK2          

        CLASS   RAM            

        CLASS   ABS1           
                abs_s1                               7E       7E        2         1

        CLASS   SFR0           

        CLASS   SFR1           

        CLASS   SFR2           

        CLASS   SFR3           

        CLASS   CONFIG         
                config                             2007     2007        2         4

        CLASS   IDLOC          
                idloc                              2000     2000        4         5

        CLASS   EEDATA         

        CLASS   BANK3          

        CLASS   STACK          



SEGMENTS        Name                           Load    Length   Top    Selector   Space  Class     Delta

                reset_vec                      000000  000002  000002         0       0  CODE        2
                strings                        000002  000072  000074         4       0  STRING      2
                cstackBANK0                    000020  000025  000045        20       1  BANK0       1
                cstackCOMMON                   000070  00000E  00007E        70       1  COMMON      1
                text14                         000369  00000C  000375       6D2       0  CODE        2
                text10                         000375  000010  000385       6EA       0  CODE        2
                text8                          000385  000011  000396       70A       0  CODE        2
                text12                         000396  000013  0003A9       72C       0  CODE        2
                text1                          0003A9  000020  0003C9       752       0  CODE        2
                text2                          0003C9  000024  0003ED       792       0  CODE        2
                text7                          0003ED  000025  000412       7DA       0  CODE        2
                text13                         000412  00002A  00043C       824       0  CODE        2
                text6                          00043C  00002B  000467       878       0  CODE        2
                text9                          000467  00002C  000493       8CE       0  CODE        2
                text4                          000493  00003A  0004CD       926       0  CODE        2
                text11                         0004CD  000042  00050F       99A       0  CODE        2
                text5                          00050F  000044  000553       A1E       0  CODE        2
                text3                          000553  00006C  0005BF       AA6       0  CODE        2
                maintext                       0005BF  00023E  0007FD       B7E       0  CODE        2
                cinit                          0007FD  000003  000800       FFA       0  CODE        2


UNUSED ADDRESS RANGES

        Name                Unused          Largest block    Delta
        BANK0            0045-006F             2B           1
        BANK1            00A0-00EF             50           1
        BANK2            0120-016F             50           1
        CODE             0074-0368            2F5           2
                         0800-0FFF            800
        CONST            0074-0368            100           2
                         0800-0FFF            100
        EEDATA           2100-21FF            100           2
        ENTRY            0074-0368            100           2
                         0800-0FFF            100
        RAM              0045-006F             2B           1
                         00A0-00EF             50
                         0120-016F             50
        SFR0             0000-001F             20           1
        SFR1             0080-009F             20           1
        SFR2             0100-011F             20           1
        SFR3             0180-01EF             70           1
        STRCODE          0074-0368            2F5           2
                         0800-0FFF            800
        STRING           0074-0368            100           2
                         0800-0FFF            100

                                  Symbol Table

?_ADC_Read               cstackCOMMON 0070
?___lwdiv                cstackCOMMON 0070
?___lwmod                cstackCOMMON 0070
ADC_Read@channel         cstackCOMMON 0074
LCDGoto@ln               cstackCOMMON 0076
LCDGoto@pos              cstackCOMMON 007B
LCDPutChar@ch            cstackCOMMON 0075
LCDPutCmd@ch             cstackCOMMON 0075
LCDPutStr@i              cstackCOMMON 0079
LCDPutStr@str            cstackCOMMON 0076
LCDWriteNibble@ch        cstackCOMMON 0072
LCDWriteNibble@rs        cstackCOMMON 0071
_ADCON0                  (abs)        001F
_ADCON1                  (abs)        009F
_ADC_Initialize          text14       0369
_ADC_Read                text13       0412
_ADRESH                  (abs)        001E
_ADRESL                  (abs)        009E
_ANSELH                  (abs)        0189
_GO_nDONE                (abs)        00F9
_LCDGoto                 text9        0467
_LCDGoto$138             cstackCOMMON 0079
_LCDPutChar              text8        0385
_LCDPutCmd               text10       0375
_LCDPutStr               text7        03ED
_LCDWriteNibble          text11       04CD
_LCD_Initialize          text6        043C
_PORTB                   (abs)        0006
_PORTBbits               (abs)        0006
_PORTC                   (abs)        0007
_PORTCbits               (abs)        0007
_RB0                     (abs)        0030
_RB1                     (abs)        0031
_RB2                     (abs)        0032
_RB3                     (abs)        0033
_RC4                     (abs)        003C
_TRISB                   (abs)        0086
_TRISC                   (abs)        0087
_ToggleEnable            text12       0396
__Habs1                  abs1         0000
__Hbank0                 bank0        0000
__Hbank1                 bank1        0000
__Hbank2                 bank2        0000
__Hbank3                 bank3        0000
__Hcinit                 cinit        0800
__Hclrtext               clrtext      0000
__Hcode                  code         0000
__Hcommon                common       0000
__Hconfig                config       2009
__HcstackBANK0           cstackBANK0  0000
__HcstackCOMMON          cstackCOMMON 0000
__Heeprom_data           eeprom_data  0000
__Hend_init              end_init     0002
__Hfunctab               functab      0000
__Hidloc                 idloc        2004
__Hinit                  init         0000
__Hintentry              intentry     0000
__Hmaintext              maintext     0000
__Hpowerup               powerup      0000
__Hram                   ram          0000
__Hreset_vec             reset_vec    0000
__Hsfr0                  sfr0         0000
__Hsfr1                  sfr1         0000
__Hsfr2                  sfr2         0000
__Hsfr3                  sfr3         0000
__Hspace_0               (abs)        0800
__Hspace_1               (abs)        007E
__Hspace_2               (abs)        0000
__Hspace_3               (abs)        0000
__Hspace_4               (abs)        4010
__Hstack                 stack        0000
__Hstrings               strings      0000
__Htext                  text         0000
__Labs1                  abs1         0000
__Lbank0                 bank0        0000
__Lbank1                 bank1        0000
__Lbank2                 bank2        0000
__Lbank3                 bank3        0000
__Lcinit                 cinit        07FD
__Lclrtext               clrtext      0000
__Lcode                  code         0000
__Lcommon                common       0000
__Lconfig                config       0000
__LcstackBANK0           cstackBANK0  0000
__LcstackCOMMON          cstackCOMMON 0000
__Leeprom_data           eeprom_data  0000
__Lend_init              end_init     0000
__Lfunctab               functab      0000
__Lidloc                 idloc        0000
__Linit                  init         0000
__Lintentry              intentry     0000
__Lmaintext              maintext     0000
__Lpowerup               powerup      0000
__Lram                   ram          0000
__Lreset_vec             reset_vec    0000
__Lsfr0                  sfr0         0000
__Lsfr1                  sfr1         0000
__Lsfr2                  sfr2         0000
__Lsfr3                  sfr3         0000
__Lspace_0               (abs)        0000
__Lspace_1               (abs)        0000
__Lspace_2               (abs)        0000
__Lspace_3               (abs)        0000
__Lspace_4               (abs)        0000
__Lstack                 stack        0000
__Lstrings               strings      0000
__Ltext                  text         0000
__S0                     (abs)        0800
__S1                     (abs)        007E
__S3                     (abs)        0000
___int_sp                stack        0000
___latbits               (abs)        0001
___lwdiv                 text5        050F
___lwdiv@counter         cstackCOMMON 0077
___lwdiv@dividend        cstackCOMMON 0072
___lwdiv@divisor         cstackCOMMON 0070
___lwdiv@quotient        cstackCOMMON 0075
___lwmod                 text4        0493
___lwmod@counter         cstackCOMMON 0075
___lwmod@dividend        cstackCOMMON 0072
___lwmod@divisor         cstackCOMMON 0070
___sp                    stack        0000
___stackhi               (abs)        0000
___stacklo               (abs)        0000
__end_of_ADC_Initialize  text14       0375
__end_of_ADC_Read        text13       043C
__end_of_LCDGoto         text9        0493
__end_of_LCDPutChar      text8        0396
__end_of_LCDPutCmd       text10       0385
__end_of_LCDPutStr       text7        0412
__end_of_LCDWriteNibble  text11       050F
__end_of_LCD_Initialize  text6        0467
__end_of_ToggleEnable    text12       03A9
__end_of___lwdiv         text5        0553
__end_of___lwmod         text4        04CD
__end_of__initialization cinit        07FD
__end_of__stringtab      strings      0012
__end_of_itoa            text2        03ED
__end_of_main            maintext     07FD
__end_of_memset          text1        03C9
__end_of_utoa            text3        05BF
__initialization         cinit        07FD
__pcstackBANK0           cstackBANK0  0020
__pcstackCOMMON          cstackCOMMON 0070
__pmaintext              maintext     05BF
__pstrings               strings      0002
__ptext1                 text1        03A9
__ptext10                text10       0375
__ptext11                text11       04CD
__ptext12                text12       0396
__ptext13                text13       0412
__ptext14                text14       0369
__ptext2                 text2        03C9
__ptext3                 text3        0553
__ptext4                 text4        0493
__ptext5                 text5        050F
__ptext6                 text6        043C
__ptext7                 text7        03ED
__ptext8                 text8        0385
__ptext9                 text9        0467
__stringbase             strings      0011
__stringtab              strings      0002
_itoa                    text2        03C9
_main                    maintext     05BF
_memset                  text1        03A9
_utoa                    text3        0553
btemp                    (abs)        007E
end_of_initialization    cinit        07FD
intlevel0                functab      0000
intlevel1                functab      0000
intlevel2                functab      0000
intlevel3                functab      0000
intlevel4                functab      0000
intlevel5                functab      0000
itoa@base                cstackBANK0  0026
itoa@buf                 cstackBANK0  0028
itoa@val                 cstackBANK0  0024
main@Buffer              cstackBANK0  002C
main@ExpTime             cstackBANK0  0039
main@ExposureTime        cstackBANK0  0041
main@adc                 cstackBANK0  0043
main@i                   cstackBANK0  003F
main@iTime               cstackBANK0  0033
memset@c                 cstackCOMMON 0070
memset@n                 cstackCOMMON 0072
memset@p                 cstackCOMMON 0076
memset@p1                cstackCOMMON 0075
reset_vec                reset_vec    0000
start                    init         0000
start_initialization     cinit        07FD
utoa@base                cstackCOMMON 007A
utoa@buf                 cstackBANK0  0023
utoa@c                   cstackBANK0  0022
utoa@v                   cstackBANK0  0020
utoa@val                 cstackCOMMON 0078
wtemp0                   (abs)        007E


MODULE INFORMATION

Module		Function		Class		Link	Load	Size
C:\Program Files\Microchip\xc8\v2.36\pic\sources\c90\common\lwmod.c
		___lwmod       		CODE           	0493	0000	58

C:\Program Files\Microchip\xc8\v2.36\pic\sources\c90\common\lwmod.c estimated size: 58

C:\Program Files\Microchip\xc8\v2.36\pic\sources\c90\common\lwdiv.c
		___lwdiv       		CODE           	050F	0000	68

C:\Program Files\Microchip\xc8\v2.36\pic\sources\c90\common\lwdiv.c estimated size: 68

shared
		__stringtab    		STRING         	0002	0000	16
		__initialization		CODE           	07FD	0000	1

shared estimated size: 17

C:\Program Files\Microchip\xc8\v2.36\pic\sources\c90\common\itoa.c
		_itoa          		CODE           	03C9	0000	36
		_utoa          		CODE           	0553	0000	108

C:\Program Files\Microchip\xc8\v2.36\pic\sources\c90\common\itoa.c estimated size: 144

LCD_Main.c
		_ADC_Initialize		CODE           	0369	0000	12
		_LCDPutCmd     		CODE           	0375	0000	16
		_LCDPutStr     		CODE           	03ED	0000	37
		_LCDPutChar    		CODE           	0385	0000	17
		_main          		CODE           	05BF	0000	574
		_LCD_Initialize		CODE           	043C	0000	43
		_ToggleEnable  		CODE           	0396	0000	19
		_LCDWriteNibble		CODE           	04CD	0000	66
		_LCDGoto       		CODE           	0467	0000	44
		_ADC_Read      		CODE           	0412	0000	42

LCD_Main.c estimated size: 870

C:\Program Files\Microchip\xc8\v2.36\pic\sources\c90\common\memset.c
		_memset        		CODE           	03A9	0000	32

C:\Program Files\Microchip\xc8\v2.36\pic\sources\c90\common\memset.c estimated size: 32

